// Jest Snapshot v1, https://goo.gl/fbAQLP

exports[`ProtectedRoutes snapshot of loader component 1`] = `
<div>
  <div>
    <div
      class="bg-dark d-flex py-3 justify-content-between align-items-center"
    >
      <div
        class="d-flex flex-row"
      >
        <div
          class="mx-3"
        >
          <a
            class="text-decoration-none "
            href="/dashBoard"
          >
            <span
              class="text-white "
            >
              DashBoard
            </span>
          </a>
        </div>
        <div>
          <a
            class="text-decoration-none "
            href="/taskManagement"
          >
            <span
              class="text-white "
            >
              Task Management
            </span>
          </a>
        </div>
      </div>
      <div>
        <button
          class="btn btn-primary mx-3"
        >
          Logout
        </button>
      </div>
    </div>
    <div
      class="d-flex justify-content-center min-vh-100 bg-dark align-items-center"
    >
      <div
        class="w-50 border border-primary rounded py-3 px-5 bg-white h-75"
        style="min-height: 375px;"
      >
        <h1
          class="text-center text-dark"
        >
           Kanban Board
        </h1>
        <form>
          <div
            class="d-flex flex-column"
          >
            <label
              for="userNameOrEmail"
            >
              Username/email
            </label>
            <input
              class="form-control"
              id="userNameOrEmail"
              name="userNameOrEmail"
              placeholder="Please enter your username or email here"
              type="text"
              value=""
            />
          </div>
          <div
            class="d-flex flex-column"
          >
            <label
              for="password"
            >
              password*
            </label>
            <input
              class="form-control"
              id="password"
              name="password"
              placeholder="Enter your password"
              type="password"
              value=""
            />
            <span
              class="text-primary cursor-pointer"
            >
              show password
               
            </span>
          </div>
          <div />
          <div
            class="d-flex justify-content-center py-3"
          >
            <input
              class="btn btn-success btn-lg"
              type="submit"
              value="Login"
            />
          </div>
          <div>
            <span>
              Don't have account? 
              <a
                href="/signUp"
              >
                Register Here
              </a>
            </span>
          </div>
        </form>
      </div>
    </div>
  </div>
</div>
`;
